// Jest Snapshot v1, https://goo.gl/fbAQLP

exports[`Storyshots WalletSummary to Storybook 1`] = `
<View
  style={
    Object {
      "alignItems": "center",
      "borderColor": "black",
      "borderWidth": 1,
      "flexDirection": "row",
      "marginTop": 2,
      "padding": 2,
    }
  }
>
  <Text
    style={
      Array [
        Object {
          "color": "#000000",
          "fontFamily": "System",
          "fontWeight": "400",
          "textAlign": "left",
        },
        Object {
          "fontSize": 24,
        },
      ]
    }
  >
    Balance
  </Text>
  <Text
    style={
      Array [
        Object {
          "color": "#000000",
          "fontFamily": "System",
          "fontWeight": "400",
          "textAlign": "left",
        },
        Object {
          "color": "#424242",
          "flexGrow": 1,
          "fontSize": 32,
          "textAlign": "right",
        },
      ]
    }
  >
    PHP 1000
  </Text>
</View>
`;
